Logging to /maintenance/ICIGDev/GPUPOC/output/output334/automatch.log
[Job] automatch 2026.10.05, code b17d90f9 (/maintenance/ICIGDev/GPUPOC/exe/g1a_automatch)
Using device: cuda
GPU: NVIDIA A100-SXM4-40GB
CUDA: 12.4
GPU Memory: 39.4 GB
[Job] cog: 1 sweep point(s), working resolution 315.0 m, RANSAC thresholds [630.0] m
[Job] >>> win2048_nfauto: window 2048 px, 32000 keypoints per window (7629 per megapixel)
================================================================================
AUTOMATCH PIPELINE
================================================================================
              kind: raster
              name: cog
              path: /maintenance/ICIGDev/GPUPOC/input/dqe/g1a/267403461/input/cog.tif
          channels: ['band1', 'band2', 'band3']
       working_crs: PROJCS["unnamed",GEOGCS["WGS 84",DATUM["WGS_1984",SPHEROID["WGS 84",6378137,298.25722293287,AUTHORITY["EPSG","7030"]],AUTHORITY["EPSG","6326"]],PRIMEM["Greenwich",0],UNIT["degree",0.0174532925199433,AUTHORITY["EPSG","9122"]],AUTHORITY["EPSG","4326"]],PROJECTION["Lambert_Conformal_Conic_2SP"],PARAMETER["latitude_of_origin",15.383741091973],PARAMETER["central_meridian",74.7795684183937],PARAMETER["standard_parallel_1",15.7612595267751],PARAMETER["standard_parallel_2",15.0140763016093],PARAMETER["false_easting",0],PARAMETER["false_northing",0],UNIT["metre",1,AUTHORITY["EPSG","9001"]],AXIS["Easting",EAST],AXIS["Northing",NORTH]]
        source_crs: PROJCS["unnamed",GEOGCS["WGS 84",DATUM["WGS_1984",SPHEROID["WGS 84",6378137,298.25722293287,AUTHORITY["EPSG","7030"]],AUTHORITY["EPSG","6326"]],PRIMEM["Greenwich",0],UNIT["degree",0.0174532925199433,AUTHORITY["EPSG","9122"]],AUTHORITY["EPSG","4326"]],PROJECTION["Lambert_Conformal_Conic_2SP"],PARAMETER["latitude_of_origin",15.383741091973],PARAMETER["central_meridian",74.7795684183937],PARAMETER["standard_parallel_1",15.7612595267751],PARAMETER["standard_parallel_2",15.0140763016093],PARAMETER["false_easting",0],PARAMETER["false_northing",0],UNIT["metre",1,AUTHORITY["EPSG","9001"]],AXIS["Easting",EAST],AXIS["Northing",NORTH]]
        native_res: 315.0
 band_descriptions: {'band1': None, 'band2': None, 'band3': None}
      channels run: ['band1']
         detectors: ['sift', 'disk', 'dedode', 'keynet', 'dog', 'gftt', 'hessian', 'loftr', 'imw-sp-lg', 'imw-aliked-lg', 'imw-sp-sg', 'imw-sp-nn', 'imw-r2d2-nn', 'imw-rord-nn', 'imw-d2net-nn', 'imw-alike-nn', 'imw-sfd2-nn', 'imw-rdd-nn', 'imw-liftfeat-nn', 'imw-ripe-nn', 'imw-darkfeat-nn', 'imw-lanet-nn', 'imw-minima-loftr', 'imw-minima-roma', 'imw-xoftr', 'imw-omniglue', 'imw-gim-roma', 'imw-gim-dkm', 'imw-eloftr', 'imw-aspanformer', 'imw-topicfm', 'imw-roma', 'imw-dkm', 'imw-dad-roma', 'imw-rdd-dense', 'imw-xfeat-lg', 'imw-xfeat-dense']
--------------------------------------------------------------------------------
Running channel: band1
[band1] footprint from valid-data-hull: 72.473, 14.524, 77.073, 16.254 (lon/lat)
[RefFetch] Searching in: /maintenance/ICIGDev/GPUPOC/input/dqe/g1a/267403461/reference/L8Ref (search buffer 35.0 km)
[REFS] index.shp: raster names from attribute 'FileName' (reader: builtin)
[REFS] index.shp: 7393 index entr(ies) name a raster not in this folder; 32 matched
[REFS] L8Ref: 32 raster(s), 32 footprint(s) from index-shp
[RefFetch] Candidate: LC81440482015045LGN00_B8.tif (index (index.shp:FileName)) - checking valid pixels...
[RefFetch] LC81440482015045LGN00_B8.tif: no valid pixels near the swath -- skipped
[RefFetch] Candidate: LC81440482016144LGN00_B8.tif (index (index.shp:FileName)) - checking valid pixels...
[RefFetch] LC81440482016144LGN00_B8.tif: no valid pixels near the swath -- skipped
[RefFetch] Candidate: LC81440482017114LGN00_B8.tif (index (index.shp:FileName)) - checking valid pixels...
[RefFetch] LC81440482017114LGN00_B8.tif: no valid pixels near the swath -- skipped
[RefFetch] Candidate: LC81440492015093LGN00_B8.tif (index (index.shp:FileName)) - checking valid pixels...
[RefFetch] OK LC81440492015093LGN00_B8.tif | NISAR area 6682.7 km2, reference area 5937.2 km2
[RefFetch] Candidate: LC81440492016288LGN00_B8.tif (index (index.shp:FileName)) - checking valid pixels...
[RefFetch] OK LC81440492016288LGN00_B8.tif | NISAR area 6842.1 km2, reference area 6100.5 km2
[RefFetch] Candidate: LC81440492017034LGN00_B8.tif (index (index.shp:FileName)) - checking valid pixels...
[RefFetch] OK LC81440492017034LGN00_B8.tif | NISAR area 6764.9 km2, reference area 6020.1 km2
[RefFetch] Candidate: LC81440502015109LGN00_B8.tif (index (index.shp:FileName)) - checking valid pixels...
[RefFetch] OK LC81440502015109LGN00_B8.tif | NISAR area 8894.9 km2, reference area 9499.3 km2
[RefFetch] Candidate: LC81440502016320LGN00_B8.tif (index (index.shp:FileName)) - checking valid pixels...
[RefFetch] OK LC81440502016320LGN00_B8.tif | NISAR area 8399.7 km2, reference area 9037.9 km2
[RefFetch] Candidate: LC81440502017034LGN00_B8.tif (index (index.shp:FileName)) - checking valid pixels...
[RefFetch] OK LC81440502017034LGN00_B8.tif | NISAR area 8289.6 km2, reference area 8930.5 km2
[RefFetch] Candidate: LC81450482015084LGN00_B8.tif (index (index.shp:FileName)) - checking valid pixels...
[RefFetch] OK LC81450482015084LGN00_B8.tif | NISAR area 477.9 km2, reference area 743.0 km2
[RefFetch] Candidate: LC81450482016295LGN00_B8.tif (index (index.shp:FileName)) - checking valid pixels...
[RefFetch] OK LC81450482016295LGN00_B8.tif | NISAR area 476.6 km2, reference area 741.8 km2
[RefFetch] Candidate: LC81450492015084LGN00_B8.tif (index (index.shp:FileName)) - checking valid pixels...
[RefFetch] OK LC81450492015084LGN00_B8.tif | NISAR area 34511.7 km2, reference area 31174.8 km2
[RefFetch] Candidate: LC81450492015116LGN00_B8.tif (index (index.shp:FileName)) - checking valid pixels...
[RefFetch] OK LC81450492015116LGN00_B8.tif | NISAR area 35192.4 km2, reference area 31248.7 km2
[RefFetch] Candidate: LC81450492016311LGN00_B8.tif (index (index.shp:FileName)) - checking valid pixels...
[RefFetch] OK LC81450492016311LGN00_B8.tif | NISAR area 34470.2 km2, reference area 31169.9 km2
[RefFetch] Candidate: LC81450502015084LGN00_B8.tif (index (index.shp:FileName)) - checking valid pixels...
[RefFetch] OK LC81450502015084LGN00_B8.tif | NISAR area 28282.2 km2, reference area 23618.5 km2
[RefFetch] Candidate: LC81450502016311LGN00_B8.tif (index (index.shp:FileName)) - checking valid pixels...
[RefFetch] OK LC81450502016311LGN00_B8.tif | NISAR area 28258.2 km2, reference area 23610.8 km2
[RefFetch] Candidate: LC81460482015043LGN00_B8.tif (index (index.shp:FileName)) - checking valid pixels...
[RefFetch] OK LC81460482015043LGN00_B8.tif | NISAR area 2143.8 km2, reference area 1547.6 km2
[RefFetch] Candidate: LC81460482016318LGN00_B8.tif (index (index.shp:FileName)) - checking valid pixels...
[RefFetch] OK LC81460482016318LGN00_B8.tif | NISAR area 2143.6 km2, reference area 1546.5 km2
[RefFetch] Candidate: LC81460492015043LGN00_B8.tif (index (index.shp:FileName)) - checking valid pixels...
[RefFetch] OK LC81460492015043LGN00_B8.tif | NISAR area 43391.1 km2, reference area 32322.4 km2
[RefFetch] Candidate: LC81460492016318LGN00_B8.tif (index (index.shp:FileName)) - checking valid pixels...
[RefFetch] OK LC81460492016318LGN00_B8.tif | NISAR area 43383.6 km2, reference area 32313.5 km2
[RefFetch] Candidate: LC81460502015043LGN00_B8.tif (index (index.shp:FileName)) - checking valid pixels...
[RefFetch] OK LC81460502015043LGN00_B8.tif | NISAR area 30526.0 km2, reference area 22860.5 km2
[RefFetch] Candidate: LC81460502016318LGN00_B8.tif (index (index.shp:FileName)) - checking valid pixels...
[RefFetch] OK LC81460502016318LGN00_B8.tif | NISAR area 30519.5 km2, reference area 22861.0 km2
[RefFetch] Candidate: LC81470482015018LGN00_B8.tif (index (index.shp:FileName)) - checking valid pixels...
[RefFetch] OK LC81470482015018LGN00_B8.tif | NISAR area 2819.4 km2, reference area 2078.7 km2
[RefFetch] Candidate: LC81470482015066LGN00_B8.tif (index (index.shp:FileName)) - checking valid pixels...
[RefFetch] OK LC81470482015066LGN00_B8.tif | NISAR area 2817.6 km2, reference area 2081.4 km2
[RefFetch] Candidate: LC81470482015098LGN00_B8.tif (index (index.shp:FileName)) - checking valid pixels...
[RefFetch] OK LC81470482015098LGN00_B8.tif | NISAR area 2812.6 km2, reference area 2080.1 km2
[RefFetch] Candidate: LC81470482016309LGN00_B8.tif (index (index.shp:FileName)) - checking valid pixels...
[RefFetch] OK LC81470482016309LGN00_B8.tif | NISAR area 2808.1 km2, reference area 2072.6 km2
[RefFetch] Candidate: LC81470492015034LGN00_B8.tif (index (index.shp:FileName)) - checking valid pixels...
[RefFetch] OK LC81470492015034LGN00_B8.tif | NISAR area 36085.8 km2, reference area 33044.3 km2
[RefFetch] Candidate: LC81470492015066LGN00_B8.tif (index (index.shp:FileName)) - checking valid pixels...
[RefFetch] OK LC81470492015066LGN00_B8.tif | NISAR area 36071.7 km2, reference area 33048.6 km2
[RefFetch] Candidate: LC81470492015098LGN00_B8.tif (index (index.shp:FileName)) - checking valid pixels...
[RefFetch] OK LC81470492015098LGN00_B8.tif | NISAR area 36084.7 km2, reference area 33045.4 km2
[RefFetch] Candidate: LC81470492016309LGN00_B8.tif (index (index.shp:FileName)) - checking valid pixels...
[RefFetch] OK LC81470492016309LGN00_B8.tif | NISAR area 36102.9 km2, reference area 33034.7 km2
[RefFetch] Candidate: LC81470502016309LGN00_B8.tif (index (index.shp:FileName)) - checking valid pixels...
[RefFetch] OK LC81470502016309LGN00_B8.tif | NISAR area 21321.1 km2, reference area 21307.9 km2
[RefFetch] Candidate: LC81470502017023LGN00_B8.tif (index (index.shp:FileName)) - checking valid pixels...
[RefFetch] OK LC81470502017023LGN00_B8.tif | NISAR area 21342.3 km2, reference area 21318.4 km2
[RefFetch] Total confirmed: 29 references (of 32 in the index-shp catalog)
[Preprocessor] cog band1: 1565x603, res=315.00, nodata=0.0, ref=L8Ref
[Preprocessor] Pair 1: metadata saved -> /maintenance/ICIGDev/GPUPOC/output/output334/_cache/cog/raster/band1_toL8Ref/pair001_meta.json
[Memory] Pair 1 done, cache cleared
[Preprocessor] Pair 2: metadata saved -> /maintenance/ICIGDev/GPUPOC/output/output334/_cache/cog/raster/band1_toL8Ref/pair002_meta.json
[Memory] Pair 2 done, cache cleared
[Preprocessor] Pair 3: metadata saved -> /maintenance/ICIGDev/GPUPOC/output/output334/_cache/cog/raster/band1_toL8Ref/pair003_meta.json
[Memory] Pair 3 done, cache cleared
[Preprocessor] Pair 4: metadata saved -> /maintenance/ICIGDev/GPUPOC/output/output334/_cache/cog/raster/band1_toL8Ref/pair004_meta.json
[Memory] Pair 4 done, cache cleared
[Preprocessor] Pair 5: metadata saved -> /maintenance/ICIGDev/GPUPOC/output/output334/_cache/cog/raster/band1_toL8Ref/pair005_meta.json
[Memory] Pair 5 done, cache cleared
[Preprocessor] Pair 6: metadata saved -> /maintenance/ICIGDev/GPUPOC/output/output334/_cache/cog/raster/band1_toL8Ref/pair006_meta.json
[Memory] Pair 6 done, cache cleared
[Preprocessor] Pair 7: metadata saved -> /maintenance/ICIGDev/GPUPOC/output/output334/_cache/cog/raster/band1_toL8Ref/pair007_meta.json
[Memory] Pair 7 done, cache cleared
[Preprocessor] Pair 8: metadata saved -> /maintenance/ICIGDev/GPUPOC/output/output334/_cache/cog/raster/band1_toL8Ref/pair008_meta.json
[Memory] Pair 8 done, cache cleared
[Preprocessor] Pair 9: metadata saved -> /maintenance/ICIGDev/GPUPOC/output/output334/_cache/cog/raster/band1_toL8Ref/pair009_meta.json
[Memory] Pair 9 done, cache cleared
[Preprocessor] Pair 10: metadata saved -> /maintenance/ICIGDev/GPUPOC/output/output334/_cache/cog/raster/band1_toL8Ref/pair010_meta.json
[Memory] Pair 10 done, cache cleared
[Preprocessor] Pair 11: metadata saved -> /maintenance/ICIGDev/GPUPOC/output/output334/_cache/cog/raster/band1_toL8Ref/pair011_meta.json
[Memory] Pair 11 done, cache cleared
[Preprocessor] Pair 12: metadata saved -> /maintenance/ICIGDev/GPUPOC/output/output334/_cache/cog/raster/band1_toL8Ref/pair012_meta.json
[Memory] Pair 12 done, cache cleared
[Preprocessor] Pair 13: metadata saved -> /maintenance/ICIGDev/GPUPOC/output/output334/_cache/cog/raster/band1_toL8Ref/pair013_meta.json
[Memory] Pair 13 done, cache cleared
[Preprocessor] Pair 14: metadata saved -> /maintenance/ICIGDev/GPUPOC/output/output334/_cache/cog/raster/band1_toL8Ref/pair014_meta.json
[Memory] Pair 14 done, cache cleared
[Preprocessor] Pair 15: metadata saved -> /maintenance/ICIGDev/GPUPOC/output/output334/_cache/cog/raster/band1_toL8Ref/pair015_meta.json
[Memory] Pair 15 done, cache cleared
[Preprocessor] Pair 16: metadata saved -> /maintenance/ICIGDev/GPUPOC/output/output334/_cache/cog/raster/band1_toL8Ref/pair016_meta.json
[Memory] Pair 16 done, cache cleared
[Preprocessor] Pair 17: metadata saved -> /maintenance/ICIGDev/GPUPOC/output/output334/_cache/cog/raster/band1_toL8Ref/pair017_meta.json
[Memory] Pair 17 done, cache cleared
[Preprocessor] Pair 18: metadata saved -> /maintenance/ICIGDev/GPUPOC/output/output334/_cache/cog/raster/band1_toL8Ref/pair018_meta.json
[Memory] Pair 18 done, cache cleared
[Preprocessor] Pair 19: metadata saved -> /maintenance/ICIGDev/GPUPOC/output/output334/_cache/cog/raster/band1_toL8Ref/pair019_meta.json
[Memory] Pair 19 done, cache cleared
[Preprocessor] Pair 20: metadata saved -> /maintenance/ICIGDev/GPUPOC/output/output334/_cache/cog/raster/band1_toL8Ref/pair020_meta.json
[Memory] Pair 20 done, cache cleared
[Preprocessor] Pair 21: metadata saved -> /maintenance/ICIGDev/GPUPOC/output/output334/_cache/cog/raster/band1_toL8Ref/pair021_meta.json
[Memory] Pair 21 done, cache cleared
[Preprocessor] Pair 22: metadata saved -> /maintenance/ICIGDev/GPUPOC/output/output334/_cache/cog/raster/band1_toL8Ref/pair022_meta.json
[Memory] Pair 22 done, cache cleared
[Preprocessor] Pair 23: metadata saved -> /maintenance/ICIGDev/GPUPOC/output/output334/_cache/cog/raster/band1_toL8Ref/pair023_meta.json
[Memory] Pair 23 done, cache cleared
[Preprocessor] Pair 24: metadata saved -> /maintenance/ICIGDev/GPUPOC/output/output334/_cache/cog/raster/band1_toL8Ref/pair024_meta.json
[Memory] Pair 24 done, cache cleared
[Preprocessor] Pair 25: metadata saved -> /maintenance/ICIGDev/GPUPOC/output/output334/_cache/cog/raster/band1_toL8Ref/pair025_meta.json
[Memory] Pair 25 done, cache cleared
[Preprocessor] Pair 26: metadata saved -> /maintenance/ICIGDev/GPUPOC/output/output334/_cache/cog/raster/band1_toL8Ref/pair026_meta.json
[Memory] Pair 26 done, cache cleared
[Preprocessor] Pair 27: metadata saved -> /maintenance/ICIGDev/GPUPOC/output/output334/_cache/cog/raster/band1_toL8Ref/pair027_meta.json
[Memory] Pair 27 done, cache cleared
[Preprocessor] Pair 28: metadata saved -> /maintenance/ICIGDev/GPUPOC/output/output334/_cache/cog/raster/band1_toL8Ref/pair028_meta.json
[Memory] Pair 28 done, cache cleared
[Preprocessor] Pair 29: metadata saved -> /maintenance/ICIGDev/GPUPOC/output/output334/_cache/cog/raster/band1_toL8Ref/pair029_meta.json
[Memory] Pair 29 done, cache cleared
--------------------------------------------------------------------------------
[band1] Running sift
SIFT: Initializing (rootsift=True, upright=True)...
sift: Initializing LightGlue {'filter_threshold': 0.1, 'depth_confidence': 0.95, 'width_confidence': 0.99}...
Loaded LightGlue model
[Coarse] pair 1: no reliable coarse offset (matcher: {'dx': -28437.453125, 'dy': 30083.73828125, 'support': 1, 'n': 3, 'peak': None}; phasecorr: {'dx': -17993.190633233637, 'dy': -661.483515523575, 'support': None, 'n': None, 'peak': 0.026167185770140752}); windows compared in place
[Coarse] pair 3: no reliable coarse offset (matcher: no matches; phasecorr: {'dx': -21810.201424864827, 'dy': 3680.2349567903257, 'support': None, 'n': None, 'peak': -0.03078437915554753}); windows compared in place
[Coarse] pair 5: no reliable coarse offset (matcher: no matches; phasecorr: {'dx': -18541.068927751407, 'dy': 56198.33134063871, 'support': None, 'n': None, 'peak': 0.01771941081977185}); windows compared in place
[Coarse] pair 7: no reliable coarse offset (matcher: no matches; phasecorr: {'dx': -9068.10863287381, 'dy': 18051.932011347883, 'support': None, 'n': None, 'peak': 0.029609950913323295}); windows compared in place
[Coarse] pair 13: no reliable coarse offset (matcher: no matches; phasecorr: {'dx': -18198.63052141748, 'dy': -292.80620066925906, 'support': None, 'n': None, 'peak': 0.02567069912950198}); windows compared in place
[Coarse] pair 22: no reliable coarse offset (matcher: no matches; phasecorr: {'dx': 19263.45076406636, 'dy': -27389.992789460925, 'support': None, 'n': None, 'peak': -0.0015991763077645635}); windows compared in place
[Coarse] pair 28: no reliable coarse offset (matcher: no matches; phasecorr: {'dx': -96571.98042673532, 'dy': -17019.319495049964, 'support': None, 'n': None, 'peak': 0.018442770856692468}); windows compared in place
[Coarse] pair 2: phase correlation gave dE=-9227 m dN=5162 m, 10.1 km from every offset the matcher measured; using pair 11's (dE=-17890 m dN=-630 m)
[Coarse] pair 4: phase correlation gave dE=-28083 m dN=4243 m, 11.0 km from every offset the matcher measured; using pair 11's (dE=-17890 m dN=-630 m)
[Coarse] pair 6: phase correlation gave dE=-10570 m dN=-30833 m, 31.1 km from every offset the matcher measured; using pair 11's (dE=-17890 m dN=-630 m)
[Coarse] pair 8: phase correlation gave dE=-23006 m dN=19292 m, 20.0 km from every offset the matcher measured; using pair 11's (dE=-17890 m dN=-630 m)
[Coarse] pair 12: phase correlation gave dE=43052 m dN=-4153 m, 60.9 km from every offset the matcher measured; using pair 10's (dE=-17955 m dN=-619 m)
[Coarse] pair 14: phase correlation gave dE=17483 m dN=-28040 m, 44.7 km from every offset the matcher measured; using pair 16's (dE=-17833 m dN=-195 m)
[Coarse] pair 15: phase correlation gave dE=10411 m dN=-27515 m, 39.0 km from every offset the matcher measured; using pair 16's (dE=-17833 m dN=-195 m)
[Coarse] pair 20: phase correlation gave dE=-47441 m dN=-24738 m, 38.1 km from every offset the matcher measured; using pair 27's (dE=-17862 m dN=-275 m)
[Coarse] pair 21: phase correlation gave dE=-23706 m dN=-27419 m, 27.4 km from every offset the matcher measured; using pair 27's (dE=-17862 m dN=-275 m)
[Coarse] pair 23: phase correlation gave dE=-38617 m dN=-25902 m, 32.7 km from every offset the matcher measured; using pair 27's (dE=-17862 m dN=-275 m)
[Coarse] pair 29: phase correlation gave dE=-89688 m dN=-20736 m, 74.5 km from every offset the matcher measured; using pair 25's (dE=-17820 m dN=-271 m)
[Coarse] sift pair 1: dE=-17890.3 m dN=-630.0 m (from-pair-2, support=None, peak=None) 
sift: Processing pair 1 from disk...
sift: 6 match-sets in 0.63s
[Coarse] sift pair 2: dE=-17890.3 m dN=-630.0 m (from-pair-11 (phasecorr disagreed), support=None, peak=0.05002573984640616) 
sift: Processing pair 2 from disk...
sift: 4 match-sets in 0.62s
[Coarse] sift pair 3: dE=-17890.3 m dN=-630.0 m (from-pair-2, support=None, peak=None) 
sift: Processing pair 3 from disk...
sift: 5 match-sets in 0.60s
[Coarse] sift pair 4: dE=-17890.3 m dN=-630.0 m (from-pair-11 (phasecorr disagreed), support=None, peak=0.04399350749121772) 
sift: Processing pair 4 from disk...
sift: 3 match-sets in 0.68s
[Coarse] sift pair 5: dE=-17890.3 m dN=-630.0 m (from-pair-6, support=None, peak=None) 
sift: Processing pair 5 from disk...
sift: 3 match-sets in 0.66s
[Coarse] sift pair 6: dE=-17890.3 m dN=-630.0 m (from-pair-11 (phasecorr disagreed), support=None, peak=0.047258820357146084) 
sift: Processing pair 6 from disk...
sift: 3 match-sets in 0.66s
[Coarse] sift pair 7: dE=-17890.3 m dN=-630.0 m (from-pair-8, support=None, peak=None) 
sift: Processing pair 7 from disk...
sift: 0 match-sets in 0.00s
[Coarse] sift pair 8: dE=-17890.3 m dN=-630.0 m (from-pair-11 (phasecorr disagreed), support=None, peak=0.10586999177932739) 
sift: Processing pair 8 from disk...
sift: 0 match-sets in 0.00s
[Coarse] sift pair 9: dE=-17860.5 m dN=-619.7 m (matcher@315m, support=14, peak=None) field 1x1 cells, dE -17861..-17861 m, dN -620..-620 m, 0 filled
sift: Processing pair 9 from disk...
sift: 6 match-sets in 1.49s
[Coarse] sift pair 10: dE=-17955.0 m dN=-618.7 m (matcher@315m, support=9, peak=None) field 1x1 cells, dE -17955..-17955 m, dN -619..-619 m, 0 filled
sift: Processing pair 10 from disk...
sift: 6 match-sets in 1.52s
[Coarse] sift pair 11: dE=-17890.3 m dN=-630.0 m (matcher@315m, support=23, peak=None) field 1x1 cells, dE -17890..-17890 m, dN -630..-630 m, 0 filled
sift: Processing pair 11 from disk...
sift: 6 match-sets in 1.43s
[Coarse] sift pair 12: dE=-17955.0 m dN=-618.7 m (from-pair-10 (phasecorr disagreed), support=None, peak=0.046513910790284475) 
sift: Processing pair 12 from disk...
sift: 4 match-sets in 1.27s
[Coarse] sift pair 13: dE=-17955.0 m dN=-618.7 m (from-pair-12, support=None, peak=None) 
sift: Processing pair 13 from disk...
sift: 6 match-sets in 1.18s
[Coarse] sift pair 14: dE=-17832.5 m dN=-194.5 m (from-pair-16 (phasecorr disagreed), support=None, peak=0.03284963077969021) 
sift: Processing pair 14 from disk...
sift: 0 match-sets in 0.00s
[Coarse] sift pair 15: dE=-17832.5 m dN=-194.5 m (from-pair-16 (phasecorr disagreed), support=None, peak=0.07578566059470176) 
sift: Processing pair 15 from disk...
sift: 0 match-sets in 0.00s
[Coarse] sift pair 16: dE=-17832.5 m dN=-194.5 m (matcher@315m, support=165, peak=None) field 1x1 cells, dE -17833..-17833 m, dN -195..-195 m, 0 filled
sift: Processing pair 16 from disk...
sift: 6 match-sets in 1.67s
[Coarse] sift pair 17: dE=-17955.0 m dN=-211.6 m (matcher@315m, support=288, peak=None) field 1x1 cells, dE -17955..-17955 m, dN -212..-212 m, 0 filled
sift: Processing pair 17 from disk...
sift: 7 match-sets in 1.05s
[Coarse] sift pair 18: dE=-18025.4 m dN=-113.1 m (matcher@315m, support=112, peak=None) field 1x1 cells, dE -18025..-18025 m, dN -113..-113 m, 0 filled
sift: Processing pair 18 from disk...
sift: 6 match-sets in 1.27s
[Coarse] sift pair 19: dE=-17955.0 m dN=-315.0 m (matcher@315m, support=277, peak=None) field 1x1 cells, dE -17955..-17955 m, dN -315..-315 m, 0 filled
sift: Processing pair 19 from disk...
sift: 7 match-sets in 0.82s
[Coarse] sift pair 20: dE=-17862.3 m dN=-275.1 m (from-pair-27 (phasecorr disagreed), support=None, peak=0.040489385954637094) 
sift: Processing pair 20 from disk...
sift: 0 match-sets in 0.00s
[Coarse] sift pair 21: dE=-17862.3 m dN=-275.1 m (from-pair-27 (phasecorr disagreed), support=None, peak=0.034986076654230126) 
sift: Processing pair 21 from disk...
sift: 0 match-sets in 0.00s
[Coarse] sift pair 22: dE=-17862.3 m dN=-275.1 m (from-pair-21, support=None, peak=None) 
sift: Processing pair 22 from disk...
sift: 0 match-sets in 0.00s
[Coarse] sift pair 23: dE=-17862.3 m dN=-275.1 m (from-pair-27 (phasecorr disagreed), support=None, peak=0.10025148596537947) 
sift: Processing pair 23 from disk...
sift: 0 match-sets in 0.00s
[Coarse] sift pair 24: dE=-17726.9 m dN=-273.2 m (matcher@315m, support=60, peak=None) field 1x1 cells, dE -17727..-17727 m, dN -273..-273 m, 0 filled
sift: Processing pair 24 from disk...
sift: 6 match-sets in 1.48s
[Coarse] sift pair 25: dE=-17819.6 m dN=-270.9 m (matcher@315m, support=61, peak=None) field 1x1 cells, dE -17820..-17820 m, dN -271..-271 m, 0 filled
sift: Processing pair 25 from disk...
sift: 6 match-sets in 1.32s
[Coarse] sift pair 26: dE=-17726.3 m dN=-299.3 m (matcher@315m, support=80, peak=None) field 1x1 cells, dE -17726..-17726 m, dN -299..-299 m, 0 filled
sift: Processing pair 26 from disk...
sift: 7 match-sets in 0.85s
[Coarse] sift pair 27: dE=-17862.3 m dN=-275.1 m (matcher@315m, support=90, peak=None) field 1x1 cells, dE -17862..-17862 m, dN -275..-275 m, 0 filled
sift: Processing pair 27 from disk...
sift: 6 match-sets in 0.89s
[Coarse] sift pair 28: dE=-17819.6 m dN=-270.9 m (from-pair-29, support=None, peak=None) 
sift: Processing pair 28 from disk...
sift: 6 match-sets in 0.95s
[Coarse] sift pair 29: dE=-17819.6 m dN=-270.9 m (from-pair-25 (phasecorr disagreed), support=None, peak=0.03428789362024378) 
sift: Processing pair 29 from disk...
sift: 5 match-sets in 1.01s
Saved:
 CHIP_STATS_ALL.csv
 CHIP_STATS_SURVIVORS.csv
 CONSENSUS_SCORES.csv
 BEST_CHIP_SET.csv
 BEST_CHIP_MANIFEST.csv
 BEST_FINAL_SUMMARY.csv
[band1] sift ok in 0.9 min, peak GPU memory 2.0 of 39.4 GB
--------------------------------------------------------------------------------
[band1] Running disk_depth
DISK: Loading depth model...
disk: Initializing LightGlue {'filter_threshold': 0.1, 'depth_confidence': 0.95, 'width_confidence': 0.99}...
Loaded LightGlue model
[Coarse] pair 1: no reliable coarse offset (matcher: {'dx': -17955.0, 'dy': -630.0, 'support': 3, 'n': 3, 'peak': None}; phasecorr: {'dx': -17993.190633233637, 'dy': -661.483515523575, 'support': None, 'n': None, 'peak': 0.026167185770140752}); windows compared in place
[Coarse] pair 3: no reliable coarse offset (matcher: no matches; phasecorr: {'dx': -21810.201424864827, 'dy': 3680.2349567903257, 'support': None, 'n': None, 'peak': -0.03078437915554753}); windows compared in place
[Coarse] pair 5: no reliable coarse offset (matcher: {'dx': -17955.0, 'dy': -315.0, 'support': 3, 'n': 3, 'peak': None}; phasecorr: {'dx': -18541.068927751407, 'dy': 56198.33134063871, 'support': None, 'n': None, 'peak': 0.01771941081977185}); windows compared in place
[Coarse] pair 7: no reliable coarse offset (matcher: no matches; phasecorr: {'dx': -9068.10863287381, 'dy': 18051.932011347883, 'support': None, 'n': None, 'peak': 0.029609950913323295}); windows compared in place
[Coarse] pair 13: no reliable coarse offset (matcher: no matches; phasecorr: {'dx': -18198.63052141748, 'dy': -292.80620066925906, 'support': None, 'n': None, 'peak': 0.02567069912950198}); windows compared in place
[Coarse] pair 22: no reliable coarse offset (matcher: no matches; phasecorr: {'dx': 19263.45076406636, 'dy': -27389.992789460925, 'support': None, 'n': None, 'peak': -0.0015991763077645635}); windows compared in place
[Coarse] pair 28: no reliable coarse offset (matcher: no matches; phasecorr: {'dx': -96571.98042673532, 'dy': -17019.319495049964, 'support': None, 'n': None, 'peak': 0.018442770856692468}); windows compared in place
[Coarse] pair 2: phase correlation gave dE=-9227 m dN=5162 m, 10.0 km from every offset the matcher measured; using pair 11's (dE=-17955 m dN=-630 m)
[Coarse] pair 4: phase correlation gave dE=-28083 m dN=4243 m, 11.1 km from every offset the matcher measured; using pair 11's (dE=-17955 m dN=-630 m)
[Coarse] pair 6: phase correlation gave dE=-10570 m dN=-30833 m, 31.1 km from every offset the matcher measured; using pair 11's (dE=-17955 m dN=-630 m)
[Coarse] pair 8: phase correlation gave dE=-23006 m dN=19292 m, 20.2 km from every offset the matcher measured; using pair 11's (dE=-17955 m dN=-630 m)
[Coarse] pair 12: phase correlation gave dE=43052 m dN=-4153 m, 60.8 km from every offset the matcher measured; using pair 10's (dE=-17955 m dN=-630 m)
[Coarse] pair 14: phase correlation gave dE=17483 m dN=-28040 m, 44.7 km from every offset the matcher measured; using pair 16's (dE=-17955 m dN=-315 m)
[Coarse] pair 15: phase correlation gave dE=10411 m dN=-27515 m, 39.1 km from every offset the matcher measured; using pair 16's (dE=-17955 m dN=-315 m)
[Coarse] pair 20: phase correlation gave dE=-47441 m dN=-24738 m, 38.1 km from every offset the matcher measured; using pair 27's (dE=-17955 m dN=-315 m)
[Coarse] pair 21: phase correlation gave dE=-23706 m dN=-27419 m, 27.4 km from every offset the matcher measured; using pair 27's (dE=-17955 m dN=-315 m)
[Coarse] pair 23: phase correlation gave dE=-38617 m dN=-25902 m, 32.6 km from every offset the matcher measured; using pair 27's (dE=-17955 m dN=-315 m)
[Coarse] pair 29: phase correlation gave dE=-89688 m dN=-20736 m, 74.5 km from every offset the matcher measured; using pair 25's (dE=-17640 m dN=-315 m)
[Coarse] disk_depth pair 1: dE=-17955.0 m dN=-630.0 m (from-pair-2, support=None, peak=None) 
disk_depth: Processing pair 1 from disk...
disk_depth: 6 match-sets in 0.45s
[Coarse] disk_depth pair 2: dE=-17955.0 m dN=-630.0 m (from-pair-11 (phasecorr disagreed), support=None, peak=0.05002573984640616) 
disk_depth: Processing pair 2 from disk...
disk_depth: 5 match-sets in 0.34s
[Coarse] disk_depth pair 3: dE=-17955.0 m dN=-630.0 m (from-pair-2, support=None, peak=None) 
disk_depth: Processing pair 3 from disk...
disk_depth: 4 match-sets in 0.34s
[Coarse] disk_depth pair 4: dE=-17955.0 m dN=-630.0 m (from-pair-11 (phasecorr disagreed), support=None, peak=0.04399350749121772) 
disk_depth: Processing pair 4 from disk...
disk_depth: 5 match-sets in 0.54s
[Coarse] disk_depth pair 5: dE=-17955.0 m dN=-630.0 m (from-pair-6, support=None, peak=None) 
disk_depth: Processing pair 5 from disk...
disk_depth: 6 match-sets in 0.53s
[Coarse] disk_depth pair 6: dE=-17955.0 m dN=-630.0 m (from-pair-11 (phasecorr disagreed), support=None, peak=0.047258820357146084) 
disk_depth: Processing pair 6 from disk...
disk_depth: 5 match-sets in 0.41s
[Coarse] disk_depth pair 7: dE=-17955.0 m dN=-630.0 m (from-pair-8, support=None, peak=None) 
disk_depth: Processing pair 7 from disk...
disk_depth: 0 match-sets in 0.00s
[Coarse] disk_depth pair 8: dE=-17955.0 m dN=-630.0 m (from-pair-11 (phasecorr disagreed), support=None, peak=0.10586999177932739) 
disk_depth: Processing pair 8 from disk...
disk_depth: 0 match-sets in 0.00s
[Coarse] disk_depth pair 9: dE=-17955.0 m dN=-630.0 m (matcher@315m, support=34, peak=None) field 1x1 cells, dE -17955..-17955 m, dN -630..-630 m, 0 filled
disk_depth: Processing pair 9 from disk...
disk_depth: 7 match-sets in 1.34s
[Coarse] disk_depth pair 10: dE=-17955.0 m dN=-630.0 m (matcher@315m, support=13, peak=None) field 1x1 cells, dE -17955..-17955 m, dN -630..-630 m, 0 filled
disk_depth: Processing pair 10 from disk...
disk_depth: 7 match-sets in 1.36s
[Coarse] disk_depth pair 11: dE=-17955.0 m dN=-630.0 m (matcher@315m, support=38, peak=None) field 1x1 cells, dE -17955..-17955 m, dN -630..-630 m, 0 filled
disk_depth: Processing pair 11 from disk...
disk_depth: 7 match-sets in 1.16s
[Coarse] disk_depth pair 12: dE=-17955.0 m dN=-630.0 m (from-pair-10 (phasecorr disagreed), support=None, peak=0.046513910790284475) 
disk_depth: Processing pair 12 from disk...
disk_depth: 4 match-sets in 1.15s
[Coarse] disk_depth pair 13: dE=-17955.0 m dN=-630.0 m (from-pair-12, support=None, peak=None) 
disk_depth: Processing pair 13 from disk...
disk_depth: 4 match-sets in 1.00s
[Coarse] disk_depth pair 14: dE=-17955.0 m dN=-315.0 m (from-pair-16 (phasecorr disagreed), support=None, peak=0.03284963077969021) 
disk_depth: Processing pair 14 from disk...
disk_depth: 0 match-sets in 0.00s
[Coarse] disk_depth pair 15: dE=-17955.0 m dN=-315.0 m (from-pair-16 (phasecorr disagreed), support=None, peak=0.07578566059470176) 
disk_depth: Processing pair 15 from disk...
disk_depth: 0 match-sets in 0.00s
[Coarse] disk_depth pair 16: dE=-17955.0 m dN=-315.0 m (matcher@315m, support=294, peak=None) field 1x1 cells, dE -17955..-17955 m, dN -315..-315 m, 0 filled
disk_depth: Processing pair 16 from disk...
disk_depth: 7 match-sets in 1.80s
[Coarse] disk_depth pair 17: dE=-17955.0 m dN=-315.0 m (matcher@315m, support=513, peak=None) field 1x1 cells, dE -17955..-17955 m, dN -315..-315 m, 0 filled
disk_depth: Processing pair 17 from disk...
disk_depth: 7 match-sets in 1.64s
[Coarse] disk_depth pair 18: dE=-17955.0 m dN=-315.0 m (matcher@315m, support=230, peak=None) field 1x1 cells, dE -17955..-17955 m, dN -315..-315 m, 0 filled
disk_depth: Processing pair 18 from disk...
disk_depth: 7 match-sets in 1.24s
[Coarse] disk_depth pair 19: dE=-17955.0 m dN=-315.0 m (matcher@315m, support=490, peak=None) field 1x1 cells, dE -17955..-17955 m, dN -315..-315 m, 0 filled
disk_depth: Processing pair 19 from disk...
disk_depth: 7 match-sets in 1.24s
[Coarse] disk_depth pair 20: dE=-17955.0 m dN=-315.0 m (from-pair-27 (phasecorr disagreed), support=None, peak=0.040489385954637094) 
disk_depth: Processing pair 20 from disk...
disk_depth: 0 match-sets in 0.00s
[Coarse] disk_depth pair 21: dE=-17955.0 m dN=-315.0 m (from-pair-27 (phasecorr disagreed), support=None, peak=0.034986076654230126) 
disk_depth: Processing pair 21 from disk...
disk_depth: 0 match-sets in 0.00s
[Coarse] disk_depth pair 22: dE=-17955.0 m dN=-315.0 m (from-pair-21, support=None, peak=None) 
disk_depth: Processing pair 22 from disk...
disk_depth: 0 match-sets in 0.00s
[Coarse] disk_depth pair 23: dE=-17955.0 m dN=-315.0 m (from-pair-27 (phasecorr disagreed), support=None, peak=0.10025148596537947) 
disk_depth: Processing pair 23 from disk...
disk_depth: 0 match-sets in 0.00s
[Coarse] disk_depth pair 24: dE=-17640.0 m dN=-315.0 m (matcher@315m, support=46, peak=None) field 1x1 cells, dE -17640..-17640 m, dN -315..-315 m, 0 filled
disk_depth: Processing pair 24 from disk...
disk_depth: 7 match-sets in 1.25s
[Coarse] disk_depth pair 25: dE=-17640.0 m dN=-315.0 m (matcher@315m, support=50, peak=None) field 1x1 cells, dE -17640..-17640 m, dN -315..-315 m, 0 filled
disk_depth: Processing pair 25 from disk...
disk_depth: 7 match-sets in 1.08s
[Coarse] disk_depth pair 26: dE=-17955.0 m dN=-315.0 m (matcher@315m, support=226, peak=None) field 1x1 cells, dE -17955..-17955 m, dN -315..-315 m, 0 filled
disk_depth: Processing pair 26 from disk...
disk_depth: 7 match-sets in 1.09s
[Coarse] disk_depth pair 27: dE=-17955.0 m dN=-315.0 m (matcher@315m, support=111, peak=None) field 1x1 cells, dE -17955..-17955 m, dN -315..-315 m, 0 filled
disk_depth: Processing pair 27 from disk...
disk_depth: 7 match-sets in 1.09s
[Coarse] disk_depth pair 28: dE=-17640.0 m dN=-315.0 m (from-pair-29, support=None, peak=None) 
disk_depth: Processing pair 28 from disk...
disk_depth: 5 match-sets in 0.92s
[Coarse] disk_depth pair 29: dE=-17640.0 m dN=-315.0 m (from-pair-25 (phasecorr disagreed), support=None, peak=0.03428789362024378) 
disk_depth: Processing pair 29 from disk...
disk_depth: 4 match-sets in 0.79s
Saved:
 CHIP_STATS_ALL.csv
 CHIP_STATS_SURVIVORS.csv
 CONSENSUS_SCORES.csv
 BEST_CHIP_SET.csv
 BEST_CHIP_MANIFEST.csv
 BEST_FINAL_SUMMARY.csv
[band1] disk_depth ok in 0.6 min, peak GPU memory 12.6 of 39.4 GB
--------------------------------------------------------------------------------
[band1] Running disk_epipolar
DISK: Loading epipolar model...
disk: Initializing LightGlue {'filter_threshold': 0.1, 'depth_confidence': 0.95, 'width_confidence': 0.99}...
Loaded LightGlue model
[Coarse] pair 3: no reliable coarse offset (matcher: no matches; phasecorr: {'dx': -21810.201424864827, 'dy': 3680.2349567903257, 'support': None, 'n': None, 'peak': -0.03078437915554753}); windows compared in place
[Coarse] pair 7: no reliable coarse offset (matcher: no matches; phasecorr: {'dx': -9068.10863287381, 'dy': 18051.932011347883, 'support': None, 'n': None, 'peak': 0.029609950913323295}); windows compared in place
[Coarse] pair 22: no reliable coarse offset (matcher: no matches; phasecorr: {'dx': 19263.45076406636, 'dy': -27389.992789460925, 'support': None, 'n': None, 'peak': -0.0015991763077645635}); windows compared in place
[Coarse] pair 28: no reliable coarse offset (matcher: no matches; phasecorr: {'dx': -96571.98042673532, 'dy': -17019.319495049964, 'support': None, 'n': None, 'peak': 0.018442770856692468}); windows compared in place
[Coarse] pair 6: phase correlation gave dE=-10570 m dN=-30833 m, 31.1 km from every offset the matcher measured; using pair 5's (dE=-17955 m dN=-315 m)
[Coarse] pair 8: phase correlation gave dE=-23006 m dN=19292 m, 20.2 km from every offset the matcher measured; using pair 1's (dE=-17955 m dN=-630 m)
[Coarse] pair 12: phase correlation gave dE=43052 m dN=-4153 m, 60.8 km from every offset the matcher measured; using pair 13's (dE=-17955 m dN=-315 m)
[Coarse] pair 14: phase correlation gave dE=17483 m dN=-28040 m, 44.7 km from every offset the matcher measured; using pair 16's (dE=-17955 m dN=-315 m)
[Coarse] pair 15: phase correlation gave dE=10411 m dN=-27515 m, 39.1 km from every offset the matcher measured; using pair 16's (dE=-17955 m dN=-315 m)
[Coarse] pair 20: phase correlation gave dE=-47441 m dN=-24738 m, 38.1 km from every offset the matcher measured; using pair 27's (dE=-17955 m dN=-315 m)
[Coarse] pair 21: phase correlation gave dE=-23706 m dN=-27419 m, 27.4 km from every offset the matcher measured; using pair 27's (dE=-17955 m dN=-315 m)
[Coarse] pair 23: phase correlation gave dE=-38617 m dN=-25902 m, 32.6 km from every offset the matcher measured; using pair 27's (dE=-17955 m dN=-315 m)
[Coarse] pair 29: phase correlation gave dE=-89688 m dN=-20736 m, 74.5 km from every offset the matcher measured; using pair 25's (dE=-17640 m dN=-315 m)
[Coarse] disk_epipolar pair 1: dE=-17955.0 m dN=-630.0 m (matcher@315m, support=22, peak=None) field 1x1 cells, dE -17955..-17955 m, dN -630..-630 m, 0 filled
disk_epipolar: Processing pair 1 from disk...
disk_epipolar: 7 match-sets in 0.34s
[Coarse] disk_epipolar pair 2: dE=-17955.0 m dN=-315.0 m (matcher@315m, support=9, peak=None) field 1x1 cells, dE -17955..-17955 m, dN -315..-315 m, 0 filled
disk_epipolar: Processing pair 2 from disk...
disk_epipolar: 7 match-sets in 0.34s
[Coarse] disk_epipolar pair 3: dE=-17955.0 m dN=-630.0 m (from-pair-1, support=None, peak=None) 
disk_epipolar: Processing pair 3 from disk...
disk_epipolar: 4 match-sets in 0.33s
[Coarse] disk_epipolar pair 4: dE=-17955.0 m dN=-315.0 m (matcher@315m, support=9, peak=None) field 1x1 cells, dE -17955..-17955 m, dN -315..-315 m, 0 filled
disk_epipolar: Processing pair 4 from disk...
disk_epipolar: 6 match-sets in 0.43s
[Coarse] disk_epipolar pair 5: dE=-17955.0 m dN=-315.0 m (matcher@315m, support=10, peak=None) field 1x1 cells, dE -17955..-17955 m, dN -315..-315 m, 0 filled
disk_epipolar: Processing pair 5 from disk...
disk_epipolar: 6 match-sets in 0.43s
[Coarse] disk_epipolar pair 6: dE=-17955.0 m dN=-315.0 m (from-pair-5 (phasecorr disagreed), support=None, peak=0.047258820357146084) 
disk_epipolar: Processing pair 6 from disk...
disk_epipolar: 3 match-sets in 0.41s
[Coarse] disk_epipolar pair 7: dE=-17955.0 m dN=-630.0 m (from-pair-8, support=None, peak=None) 
disk_epipolar: Processing pair 7 from disk...
disk_epipolar: 0 match-sets in 0.00s
[Coarse] disk_epipolar pair 8: dE=-17955.0 m dN=-630.0 m (from-pair-1 (phasecorr disagreed), support=None, peak=0.10586999177932739) 
disk_epipolar: Processing pair 8 from disk...
disk_epipolar: 0 match-sets in 0.00s
[Coarse] disk_epipolar pair 9: dE=-17955.0 m dN=-315.0 m (matcher@315m, support=57, peak=None) field 1x1 cells, dE -17955..-17955 m, dN -315..-315 m, 0 filled
disk_epipolar: Processing pair 9 from disk...
disk_epipolar: 6 match-sets in 1.36s
[Coarse] disk_epipolar pair 10: dE=-17955.0 m dN=-315.0 m (matcher@315m, support=15, peak=None) field 1x1 cells, dE -17955..-17955 m, dN -315..-315 m, 0 filled
disk_epipolar: Processing pair 10 from disk...
disk_epipolar: 4 match-sets in 1.36s
[Coarse] disk_epipolar pair 11: dE=-17955.0 m dN=-630.0 m (matcher@315m, support=71, peak=None) field 1x1 cells, dE -17955..-17955 m, dN -630..-630 m, 0 filled
disk_epipolar: Processing pair 11 from disk...
disk_epipolar: 6 match-sets in 1.16s
[Coarse] disk_epipolar pair 12: dE=-17955.0 m dN=-315.0 m (from-pair-13 (phasecorr disagreed), support=None, peak=0.046513910790284475) 
disk_epipolar: Processing pair 12 from disk...
disk_epipolar: 4 match-sets in 1.03s
[Coarse] disk_epipolar pair 13: dE=-17955.0 m dN=-315.0 m (matcher@315m, support=10, peak=None) field 1x1 cells, dE -17955..-17955 m, dN -315..-315 m, 0 filled
disk_epipolar: Processing pair 13 from disk...
disk_epipolar: 6 match-sets in 1.04s
[Coarse] disk_epipolar pair 14: dE=-17955.0 m dN=-315.0 m (from-pair-16 (phasecorr disagreed), support=None, peak=0.03284963077969021) 
disk_epipolar: Processing pair 14 from disk...
disk_epipolar: 0 match-sets in 0.00s
[Coarse] disk_epipolar pair 15: dE=-17955.0 m dN=-315.0 m (from-pair-16 (phasecorr disagreed), support=None, peak=0.07578566059470176) 
disk_epipolar: Processing pair 15 from disk...
disk_epipolar: 0 match-sets in 0.00s
[Coarse] disk_epipolar pair 16: dE=-17955.0 m dN=-315.0 m (matcher@315m, support=228, peak=None) field 1x1 cells, dE -17955..-17955 m, dN -315..-315 m, 0 filled
disk_epipolar: Processing pair 16 from disk...
disk_epipolar: 6 match-sets in 1.63s
[Coarse] disk_epipolar pair 17: dE=-17955.0 m dN=-315.0 m (matcher@315m, support=416, peak=None) field 1x1 cells, dE -17955..-17955 m, dN -315..-315 m, 0 filled
disk_epipolar: Processing pair 17 from disk...
disk_epipolar: 6 match-sets in 1.64s
[Coarse] disk_epipolar pair 18: dE=-17955.0 m dN=-315.0 m (matcher@315m, support=345, peak=None) field 1x1 cells, dE -17955..-17955 m, dN -315..-315 m, 0 filled
disk_epipolar: Processing pair 18 from disk...
disk_epipolar: 6 match-sets in 1.24s
[Coarse] disk_epipolar pair 19: dE=-17955.0 m dN=-315.0 m (matcher@315m, support=464, peak=None) field 1x1 cells, dE -17955..-17955 m, dN -315..-315 m, 0 filled
disk_epipolar: Processing pair 19 from disk...
disk_epipolar: 7 match-sets in 1.22s
[Coarse] disk_epipolar pair 20: dE=-17955.0 m dN=-315.0 m (from-pair-27 (phasecorr disagreed), support=None, peak=0.040489385954637094) 
disk_epipolar: Processing pair 20 from disk...
disk_epipolar: 0 match-sets in 0.00s
[Coarse] disk_epipolar pair 21: dE=-17955.0 m dN=-315.0 m (from-pair-27 (phasecorr disagreed), support=None, peak=0.034986076654230126) 
disk_epipolar: Processing pair 21 from disk...
disk_epipolar: 0 match-sets in 0.00s
[Coarse] disk_epipolar pair 22: dE=-17955.0 m dN=-315.0 m (from-pair-21, support=None, peak=None) 
disk_epipolar: Processing pair 22 from disk...
disk_epipolar: 0 match-sets in 0.00s
[Coarse] disk_epipolar pair 23: dE=-17955.0 m dN=-315.0 m (from-pair-27 (phasecorr disagreed), support=None, peak=0.10025148596537947) 
disk_epipolar: Processing pair 23 from disk...
disk_epipolar: 0 match-sets in 0.00s
[Coarse] disk_epipolar pair 24: dE=-17640.0 m dN=-315.0 m (matcher@315m, support=149, peak=None) field 1x1 cells, dE -17640..-17640 m, dN -315..-315 m, 0 filled
disk_epipolar: Processing pair 24 from disk...
disk_epipolar: 6 match-sets in 1.07s
[Coarse] disk_epipolar pair 25: dE=-17640.0 m dN=-315.0 m (matcher@315m, support=130, peak=None) field 1x1 cells, dE -17640..-17640 m, dN -315..-315 m, 0 filled
disk_epipolar: Processing pair 25 from disk...
disk_epipolar: 6 match-sets in 1.07s
[Coarse] disk_epipolar pair 26: dE=-17640.0 m dN=-315.0 m (matcher@315m, support=207, peak=None) field 1x1 cells, dE -17640..-17640 m, dN -315..-315 m, 0 filled
disk_epipolar: Processing pair 26 from disk...
disk_epipolar: 6 match-sets in 1.07s
[Coarse] disk_epipolar pair 27: dE=-17955.0 m dN=-315.0 m (matcher@315m, support=218, peak=None) field 1x1 cells, dE -17955..-17955 m, dN -315..-315 m, 0 filled
disk_epipolar: Processing pair 27 from disk...
disk_epipolar: 6 match-sets in 1.07s
[Coarse] disk_epipolar pair 28: dE=-17640.0 m dN=-315.0 m (from-pair-29, support=None, peak=None) 
disk_epipolar: Processing pair 28 from disk...
disk_epipolar: 4 match-sets in 0.80s
[Coarse] disk_epipolar pair 29: dE=-17640.0 m dN=-315.0 m (from-pair-25 (phasecorr disagreed), support=None, peak=0.03428789362024378) 
disk_epipolar: Processing pair 29 from disk...
disk_epipolar: 5 match-sets in 0.81s
Saved:
 CHIP_STATS_ALL.csv
 CHIP_STATS_SURVIVORS.csv
 CONSENSUS_SCORES.csv
 BEST_CHIP_SET.csv
 BEST_CHIP_MANIFEST.csv
 BEST_FINAL_SUMMARY.csv
[band1] disk_epipolar ok in 0.5 min, peak GPU memory 9.2 of 39.4 GB
--------------------------------------------------------------------------------
[band1] Running dedode_L-upright_B-upright
DeDoDe: Loading L-upright/B-upright...
dedode: Initializing LightGlue {'filter_threshold': 0.1, 'depth_confidence': 0.95, 'width_confidence': 0.99}...
Loaded LightGlue model
[Coarse] pair 1: no reliable coarse offset (matcher: no matches; phasecorr: {'dx': -17993.190633233637, 'dy': -661.483515523575, 'support': None, 'n': None, 'peak': 0.026167185770140752}); windows compared in place
[Coarse] pair 3: no reliable coarse offset (matcher: no matches; phasecorr: {'dx': -21810.201424864827, 'dy': 3680.2349567903257, 'support': None, 'n': None, 'peak': -0.03078437915554753}); windows compared in place
